
> backend@0.0.1 build
> nest build

node.exe : [96msrc/conditions/conditions.service.ts[0m:[93
m18[0m:[93m9[0m - [91merror[0m[90m TS2322: [0mType 
'Promise<Condition | null>' is not assignable to type 
'Promise<Condition>'.
At line:1 char:1
+ & "C:\Program Files\nodejs/node.exe" "C:\Program 
Files\nodejs/node_mo ...
+ ~~~~~~~~~~~~~~~~~~~~~~~~~~~~~~~~~~~~~~~~~~~~~~~~~~~~~~~~~~~
~~~~~~~~~~
    + CategoryInfo          : NotSpecified: ([96msrc/condit 
   ...se<Condition>'.:String) [], RemoteException
    + FullyQualifiedErrorId : NativeCommandError
 
  Type 'Condition | null' is not assignable to type 
'Condition'.
    Type 'null' is not assignable to type 'Condition'.

[7m18[0m         return 
this.conditionsRepository.findOne({ where: { id } });
[7m  [0m [91m        ~~~~~~[0m
[96msrc/conditions/conditions.service.ts[0m:[93m22[0m:[9
3m9[0m - [91merror[0m[90m TS2322: [0mType 
'Promise<Condition | null>' is not assignable to type 
'Promise<Condition>'.
  Type 'Condition | null' is not assignable to type 
'Condition'.
    Type 'null' is not assignable to type 'Condition'.

[7m22[0m         return 
this.conditionsRepository.findOne({ where: { slug } });
[7m  [0m [91m        ~~~~~~[0m
[96msrc/mails/mails.service.ts[0m:[93m2[0m:[93m29[0m - 
[91merror[0m[90m TS2307: [0mCannot find module 
'nodemailer' or its corresponding type declarations.

[7m2[0m import * as nodemailer from 'nodemailer';
[7m [0m [91m                            ~~~~~~~~~~~~[0m
[96msrc/orders/orders.service.ts[0m:[93m45[0m:[93m37[0m
 - [91merror[0m[90m TS2339: [0mProperty 
'sendOrderShipped' does not exist on type 'MailsService'.

[7m45[0m             await 
this.mailsService.sendOrderShipped(
[7m  [0m [91m                                    
~~~~~~~~~~~~~~~~[0m

Found 4 error(s).

